// Jest Snapshot v1, https://goo.gl/fbAQLP

exports[`clock 1`] = `
<section
  className="clock"
>
  00:02
</section>
`;
